mode: set
exmple/web-service-gin/db.go:18.69,21.26 3 0
exmple/web-service-gin/db.go:21.26,23.3 1 0
exmple/web-service-gin/db.go:24.2,24.19 1 0
exmple/web-service-gin/db.go:27.73,37.2 2 0
exmple/web-service-gin/db.go:39.51,43.2 3 0
exmple/web-service-gin/db.go:45.70,51.2 2 0
exmple/web-service-gin/main.go:114.100,116.2 1 0
exmple/web-service-gin/main.go:140.75,151.16 5 0
exmple/web-service-gin/main.go:151.16,153.3 1 0
exmple/web-service-gin/main.go:155.2,156.16 2 0
exmple/web-service-gin/main.go:156.16,158.3 1 0
exmple/web-service-gin/main.go:159.2,162.16 3 0
exmple/web-service-gin/main.go:162.16,164.3 1 0
exmple/web-service-gin/main.go:166.2,167.58 2 0
exmple/web-service-gin/main.go:167.58,169.3 1 0
exmple/web-service-gin/main.go:171.2,171.39 1 0
exmple/web-service-gin/main.go:171.39,173.3 1 0
exmple/web-service-gin/main.go:176.2,181.16 4 0
exmple/web-service-gin/main.go:181.16,183.3 1 0
exmple/web-service-gin/main.go:185.2,186.16 2 0
exmple/web-service-gin/main.go:186.16,188.3 1 0
exmple/web-service-gin/main.go:189.2,192.16 3 0
exmple/web-service-gin/main.go:192.16,194.3 1 0
exmple/web-service-gin/main.go:196.2,197.56 2 0
exmple/web-service-gin/main.go:197.56,199.3 1 0
exmple/web-service-gin/main.go:202.2,202.44 1 0
exmple/web-service-gin/main.go:202.44,203.25 1 0
exmple/web-service-gin/main.go:203.25,206.30 2 0
exmple/web-service-gin/main.go:206.30,208.5 1 0
exmple/web-service-gin/main.go:209.4,209.27 1 0
exmple/web-service-gin/main.go:213.2,213.47 1 0
exmple/web-service-gin/main.go:217.51,218.30 1 0
exmple/web-service-gin/main.go:218.30,222.39 3 0
exmple/web-service-gin/main.go:222.39,225.4 2 0
exmple/web-service-gin/main.go:227.3,228.17 2 0
exmple/web-service-gin/main.go:228.17,231.4 2 0
exmple/web-service-gin/main.go:233.3,233.59 1 0
exmple/web-service-gin/main.go:238.33,247.86 6 0
exmple/web-service-gin/main.go:247.86,249.3 1 0
exmple/web-service-gin/main.go:252.2,257.16 3 0
exmple/web-service-gin/main.go:257.16,259.3 1 0
exmple/web-service-gin/main.go:262.2,262.33 1 0
exmple/web-service-gin/main.go:262.33,264.3 1 0
exmple/web-service-gin/main.go:267.2,274.16 2 0
exmple/web-service-gin/main.go:274.16,276.3 1 0
exmple/web-service-gin/main.go:279.2,292.16 2 0
exmple/web-service-gin/main.go:292.16,294.3 1 0
exmple/web-service-gin/main.go:297.2,305.16 2 0
exmple/web-service-gin/main.go:305.16,307.3 1 0
exmple/web-service-gin/main.go:309.2,309.33 1 0
exmple/web-service-gin/main.go:313.46,315.17 2 0
exmple/web-service-gin/main.go:315.17,317.3 1 0
exmple/web-service-gin/main.go:318.2,318.14 1 0
exmple/web-service-gin/main.go:322.66,324.2 1 1
exmple/web-service-gin/main.go:327.52,328.30 1 1
exmple/web-service-gin/main.go:328.30,332.45 3 1
exmple/web-service-gin/main.go:332.45,335.4 2 1
exmple/web-service-gin/main.go:338.3,339.17 2 1
exmple/web-service-gin/main.go:339.17,342.4 2 0
exmple/web-service-gin/main.go:345.3,346.38 2 1
exmple/web-service-gin/main.go:346.38,347.22 1 0
exmple/web-service-gin/main.go:347.22,349.10 2 0
exmple/web-service-gin/main.go:352.3,354.72 2 1
exmple/web-service-gin/main.go:359.87,362.24 2 0
exmple/web-service-gin/main.go:362.24,364.3 1 0
exmple/web-service-gin/main.go:367.2,374.16 4 0
exmple/web-service-gin/main.go:374.16,376.3 1 0
exmple/web-service-gin/main.go:378.2,382.16 4 0
exmple/web-service-gin/main.go:382.16,384.3 1 0
exmple/web-service-gin/main.go:385.2,388.16 3 0
exmple/web-service-gin/main.go:388.16,390.3 1 0
exmple/web-service-gin/main.go:392.2,392.38 1 0
exmple/web-service-gin/main.go:392.38,394.3 1 0
exmple/web-service-gin/main.go:396.2,397.59 2 0
exmple/web-service-gin/main.go:397.59,399.3 1 0
exmple/web-service-gin/main.go:402.2,403.47 2 0
exmple/web-service-gin/main.go:403.47,406.41 2 0
exmple/web-service-gin/main.go:406.41,408.4 1 0
exmple/web-service-gin/main.go:411.3,412.40 2 0
exmple/web-service-gin/main.go:412.40,414.4 1 0
exmple/web-service-gin/main.go:416.3,421.17 4 0
exmple/web-service-gin/main.go:421.17,424.4 2 0
exmple/web-service-gin/main.go:426.3,435.5 1 0
exmple/web-service-gin/main.go:439.2,440.28 2 0
exmple/web-service-gin/main.go:440.28,443.3 1 0
exmple/web-service-gin/main.go:446.2,448.29 3 0
exmple/web-service-gin/main.go:448.29,450.3 1 0
exmple/web-service-gin/main.go:451.2,459.50 5 0
exmple/web-service-gin/main.go:463.69,464.30 1 1
exmple/web-service-gin/main.go:464.30,473.15 6 1
exmple/web-service-gin/main.go:473.15,475.4 1 0
exmple/web-service-gin/main.go:476.3,476.18 1 1
exmple/web-service-gin/main.go:476.18,478.4 1 0
exmple/web-service-gin/main.go:480.3,481.17 2 1
exmple/web-service-gin/main.go:481.17,484.4 2 0
exmple/web-service-gin/main.go:487.3,487.23 1 1
exmple/web-service-gin/main.go:487.23,488.18 1 0
exmple/web-service-gin/main.go:489.17,490.44 1 0
exmple/web-service-gin/main.go:490.44,491.32 1 0
exmple/web-service-gin/main.go:491.32,493.7 1 0
exmple/web-service-gin/main.go:494.6,494.46 1 0
exmple/web-service-gin/main.go:496.18,497.44 1 0
exmple/web-service-gin/main.go:497.44,498.32 1 0
exmple/web-service-gin/main.go:498.32,500.7 1 0
exmple/web-service-gin/main.go:501.6,501.48 1 0
exmple/web-service-gin/main.go:503.16,504.44 1 0
exmple/web-service-gin/main.go:504.44,507.32 3 0
exmple/web-service-gin/main.go:507.32,509.7 1 0
exmple/web-service-gin/main.go:510.6,510.26 1 0
exmple/web-service-gin/main.go:512.17,513.44 1 0
exmple/web-service-gin/main.go:513.44,514.32 1 0
exmple/web-service-gin/main.go:514.32,516.7 1 0
exmple/web-service-gin/main.go:517.6,517.46 1 0
exmple/web-service-gin/main.go:523.3,524.21 2 1
exmple/web-service-gin/main.go:524.21,526.4 1 0
exmple/web-service-gin/main.go:529.3,529.24 1 1
exmple/web-service-gin/main.go:529.24,531.4 1 0
exmple/web-service-gin/main.go:534.3,548.34 2 1
exmple/web-service-gin/main.go:553.36,554.30 1 0
exmple/web-service-gin/main.go:554.30,558.52 3 0
exmple/web-service-gin/main.go:558.52,562.4 3 0
exmple/web-service-gin/main.go:564.3,564.11 1 0
exmple/web-service-gin/main.go:569.37,570.30 1 0
exmple/web-service-gin/main.go:570.30,572.47 2 0
exmple/web-service-gin/main.go:572.47,575.4 2 0
exmple/web-service-gin/main.go:578.3,579.26 2 0
exmple/web-service-gin/main.go:579.26,583.4 2 0
exmple/web-service-gin/main.go:583.9,585.4 1 0
exmple/web-service-gin/main.go:588.3,591.41 2 0
exmple/web-service-gin/main.go:591.41,598.4 5 0
exmple/web-service-gin/main.go:598.9,601.4 2 0
exmple/web-service-gin/main.go:606.38,607.30 1 0
exmple/web-service-gin/main.go:607.30,613.3 4 0
exmple/web-service-gin/main.go:617.41,618.30 1 0
exmple/web-service-gin/main.go:618.30,622.28 3 0
exmple/web-service-gin/main.go:622.28,624.4 1 0
exmple/web-service-gin/main.go:624.9,626.4 1 0
exmple/web-service-gin/main.go:631.64,632.30 1 0
exmple/web-service-gin/main.go:632.30,634.49 2 0
exmple/web-service-gin/main.go:634.49,637.4 2 0
exmple/web-service-gin/main.go:640.3,645.17 2 0
exmple/web-service-gin/main.go:645.17,649.4 3 0
exmple/web-service-gin/main.go:652.3,671.34 8 0
exmple/web-service-gin/main.go:682.61,683.30 1 0
exmple/web-service-gin/main.go:683.30,685.42 2 0
exmple/web-service-gin/main.go:685.42,688.4 2 0
exmple/web-service-gin/main.go:689.3,689.40 1 0
exmple/web-service-gin/main.go:689.40,692.4 2 0
exmple/web-service-gin/main.go:693.3,694.17 2 0
exmple/web-service-gin/main.go:694.17,697.4 2 0
exmple/web-service-gin/main.go:698.3,698.64 1 0
exmple/web-service-gin/main.go:702.13,705.16 2 0
exmple/web-service-gin/main.go:705.16,708.3 2 0
exmple/web-service-gin/main.go:710.2,722.44 7 0
exmple/web-service-gin/main.go:722.44,724.3 1 0
exmple/web-service-gin/main.go:725.2,725.53 1 0
exmple/web-service-gin/main.go:725.53,727.3 1 0
exmple/web-service-gin/main.go:728.2,728.39 1 0
exmple/web-service-gin/main.go:728.39,730.3 1 0
exmple/web-service-gin/main.go:733.2,734.2 2 0
exmple/web-service-gin/main.go:734.2,735.37 1 0
exmple/web-service-gin/main.go:735.37,739.4 1 0
exmple/web-service-gin/main.go:742.3,743.3 2 0
exmple/web-service-gin/main.go:743.3,747.4 3 0
exmple/web-service-gin/main.go:750.3,751.3 2 0
exmple/web-service-gin/main.go:751.3,753.4 1 0
exmple/web-service-gin/main.go:756.3,761.3 4 0
exmple/web-service-gin/main.go:761.3,763.4 1 0
exmple/web-service-gin/main.go:766.3,766.68 1 0
exmple/web-service-gin/main.go:770.2,770.59 1 0
exmple/web-service-gin/main.go:770.59,772.3 1 0
exmple/web-service-gin/main.go:774.2,774.21 1 0
